=== AUDITORIA DE SEGURANÇA BINARIO TECH - Sat Aug  8 02:48:18 AM UTC 2026 ===

--- Tentativa 1: Acesso SEM chave de API ---
  % Total    % Received % Xferd  Average Speed   Time    Time     Time  Current
                                 Dload  Upload   Total   Spent    Left  Speed
  0     0    0     0    0     0      0      0 --:--:-- --:--:-- --:--:--     0100    73  100    73    0     0  26516      0 --:--:-- --:--:-- --:--:-- 36500
HTTP/1.1 401 Unauthorized
X-Powered-By: Express
Access-Control-Allow-Origin: *
Content-Type: application/json; charset=utf-8
Content-Length: 73
ETag: W/"49-VocKX6oX/pI0y+4oQzHnxXXilzU"
Date: Sat, 08 Aug 2026 02:48:18 GMT
Connection: keep-alive
Keep-Alive: timeout=5

{"erro":"Acesso nao autorizado. Header 'X-API-KEY' invalido ou ausente."}

--- Tentativa 2: Acesso SEM chave de API ---
  % Total    % Received % Xferd  Average Speed   Time    Time     Time  Current
                                 Dload  Upload   Total   Spent    Left  Speed
  0     0    0     0    0     0      0      0 --:--:-- --:--:-- --:--:--     0100    73  100    73    0     0  32487      0 --:--:-- --:--:-- --:--:-- 36500
HTTP/1.1 401 Unauthorized
X-Powered-By: Express
Access-Control-Allow-Origin: *
Content-Type: application/json; charset=utf-8
Content-Length: 73
ETag: W/"49-VocKX6oX/pI0y+4oQzHnxXXilzU"
Date: Sat, 08 Aug 2026 02:48:18 GMT
Connection: keep-alive
Keep-Alive: timeout=5

{"erro":"Acesso nao autorizado. Header 'X-API-KEY' invalido ou ausente."}

--- Tentativa 3: Acesso SEM chave de API ---
  % Total    % Received % Xferd  Average Speed   Time    Time     Time  Current
                                 Dload  Upload   Total   Spent    Left  Speed
  0     0    0     0    0     0      0      0 --:--:-- --:--:-- --:--:--     0100    73  100    73    0     0  33985      0 --:--:-- --:--:-- --:--:-- 36500
HTTP/1.1 401 Unauthorized
X-Powered-By: Express
Access-Control-Allow-Origin: *
Content-Type: application/json; charset=utf-8
Content-Length: 73
ETag: W/"49-VocKX6oX/pI0y+4oQzHnxXXilzU"
Date: Sat, 08 Aug 2026 02:48:18 GMT
Connection: keep-alive
Keep-Alive: timeout=5

{"erro":"Acesso nao autorizado. Header 'X-API-KEY' invalido ou ausente."}

--- Tentativa 4: Acesso COM chave de API válida ---
  % Total    % Received % Xferd  Average Speed   Time    Time     Time  Current
                                 Dload  Upload   Total   Spent    Left  Speed
  0     0    0     0    0     0      0      0 --:--:-- --:--:-- --:--:--     0100   160  100   160    0     0  37869      0 --:--:-- --:--:-- --:--:-- 40000
HTTP/1.1 200 OK
X-Powered-By: Express
Access-Control-Allow-Origin: *
Content-Type: application/json; charset=utf-8
Content-Length: 160
ETag: W/"a0-fH9vxH+yfAEUU9gtJMPiw0RqGus"
Date: Sat, 08 Aug 2026 02:48:18 GMT
Connection: keep-alive
Keep-Alive: timeout=5

[{"id":1,"nome":"Carlos Silva","cnh":"12345678900","categoria":"E","ativo":true},{"id":2,"nome":"Ana Pereira","cnh":"98765432100","categoria":"D","ativo":true}]

=== FIM DA AUDITORIA ===
